0 verbose cli C:\Program Files\nodejs\node.exe C:\Users\hp\AppData\Roaming\npm\node_modules\npm\bin\npm-cli.js
1 info using npm@11.6.1
2 info using node@v22.16.0
3 silly config load:file:C:\Users\hp\AppData\Roaming\npm\node_modules\npm\npmrc
4 silly config load:file:c:\Users\hp\Desktop\Web-dev\MyProject\ecommerce-mern\backend\.npmrc
5 silly config load:file:C:\Users\hp\.npmrc
6 silly config load:file:C:\Users\hp\AppData\Roaming\npm\etc\npmrc
7 verbose title npm view cloudinary description dist-tags.latest homepage version time
8 verbose argv "view" "--json" "--" "cloudinary" "description" "dist-tags.latest" "homepage" "version" "time"
9 verbose logfile logs-max:10 dir:C:\Users\hp\Desktop\Web-dev\MyProject\ecommerce-mern\backend\UsershpAppDataLocalTempnpm-cache\_logs\2025-10-21T09_16_07_778Z-
10 verbose logfile C:\Users\hp\Desktop\Web-dev\MyProject\ecommerce-mern\backend\UsershpAppDataLocalTempnpm-cache\_logs\2025-10-21T09_16_07_778Z-debug-0.log
11 silly logfile start cleaning logs, removing 1 files
12 silly logfile done cleaning log files
13 http fetch GET 200 https://registry.npmjs.org/cloudinary 320ms (cache updated)
14 verbose cwd c:\Users\hp\Desktop\Web-dev\MyProject\ecommerce-mern\backend
15 verbose os Windows_NT 10.0.26200
16 verbose node v22.16.0
17 verbose npm  v11.6.1
18 verbose exit 0
19 info ok
